stdlib.h:67:7:abort	4	static
syscalls.c:65:6:_exit	16	static
syscalls.c:71:5:_close	16	static
syscalls.c:77:5:_execve	24	static
syscalls.c:84:5:_fork	8	static
syscalls.c:91:5:_fstat	16	static
syscalls.c:99:5:_getpid	4	static
syscalls.c:105:5:_isatty	16	static
syscalls.c:111:5:_kill	16	static
syscalls.c:118:5:_link	16	static
syscalls.c:125:5:_lseek	24	static
syscalls.c:131:5:_open	24	static
syscalls.c:137:5:_read	24	static
syscalls.c:147:9:_sbrk	24	static
syscalls.c:171:5:_stat	16	static
syscalls.c:178:9:_times	16	static
syscalls.c:184:5:_unlink	16	static
syscalls.c:191:5:_wait	16	static
syscalls.c:198:5:_write	24	static
