syscalls.c:60:6:_exit	16	static
syscalls.c:65:5:_close	16	static
syscalls.c:70:5:_execve	24	static
syscalls.c:77:5:_fork	8	static
syscalls.c:84:5:_fstat	16	static
syscalls.c:92:5:_getpid	4	static
syscalls.c:98:5:_isatty	16	static
syscalls.c:104:5:_kill	16	static
syscalls.c:111:5:_link	16	static
syscalls.c:118:5:_lseek	24	static
syscalls.c:124:5:_open	24	static
syscalls.c:130:5:_read	24	static
syscalls.c:140:9:_sbrk	24	static
syscalls.c:164:5:_stat	16	static
syscalls.c:171:9:_times	16	static
syscalls.c:177:5:_unlink	16	static
syscalls.c:184:5:_wait	16	static
syscalls.c:191:5:_write	24	static
