Archive member included because of file (symbol)

/usr/arm-none-eabi/lib/libc.a(lib_a-memcpy.o)
                              /home/shashi/dabba/BBB_Working/BeagleBoneBlack/RaspberryPi-FreeRTOS/build/FreeRTOS/Source/queue.o (memcpy)
/usr/arm-none-eabi/lib/libc.a(lib_a-memset.o)
                              /home/shashi/dabba/BBB_Working/BeagleBoneBlack/RaspberryPi-FreeRTOS/build/FreeRTOS/Source/tasks.o (memset)
/usr/arm-none-eabi/lib/libc.a(lib_a-strncpy.o)
                              /home/shashi/dabba/BBB_Working/BeagleBoneBlack/RaspberryPi-FreeRTOS/build/FreeRTOS/Source/tasks.o (strncpy)

Memory Configuration

Name             Origin             Length             Attributes
RESERVED         0x0000000000000000 0x0000000000008000 r
INIT_RAM         0x0000000000008000 0x0000000000008000 xrw
RAM              0x0000000000010000 0x0000000008000000 xrw
*default*        0x0000000000000000 0xffffffffffffffff

Linker script and memory map

LOAD /home/shashi/dabba/BBB_Working/BeagleBoneBlack/RaspberryPi-FreeRTOS/build/FreeRTOS/Source/portable/GCC/RaspberryPi/port.o
LOAD /home/shashi/dabba/BBB_Working/BeagleBoneBlack/RaspberryPi-FreeRTOS/build/FreeRTOS/Source/portable/GCC/RaspberryPi/portisr.o
LOAD /home/shashi/dabba/BBB_Working/BeagleBoneBlack/RaspberryPi-FreeRTOS/build/FreeRTOS/Source/croutine.o
LOAD /home/shashi/dabba/BBB_Working/BeagleBoneBlack/RaspberryPi-FreeRTOS/build/FreeRTOS/Source/list.o
LOAD /home/shashi/dabba/BBB_Working/BeagleBoneBlack/RaspberryPi-FreeRTOS/build/FreeRTOS/Source/queue.o
LOAD /home/shashi/dabba/BBB_Working/BeagleBoneBlack/RaspberryPi-FreeRTOS/build/FreeRTOS/Source/tasks.o
LOAD /home/shashi/dabba/BBB_Working/BeagleBoneBlack/RaspberryPi-FreeRTOS/build/Demo/Drivers/irq.o
LOAD /home/shashi/dabba/BBB_Working/BeagleBoneBlack/RaspberryPi-FreeRTOS/build/Demo/Drivers/gpio.o
LOAD /home/shashi/dabba/BBB_Working/BeagleBoneBlack/RaspberryPi-FreeRTOS/build//FreeRTOS/Source/portable/MemMang/heap_4.o
LOAD /home/shashi/dabba/BBB_Working/BeagleBoneBlack/RaspberryPi-FreeRTOS/build/Demo/startup.o
LOAD /home/shashi/dabba/BBB_Working/BeagleBoneBlack/RaspberryPi-FreeRTOS/build/Demo/main.o

.init           0x0000000000008000       0xa4
 *(.init)
 .init          0x0000000000008000       0xa4 /home/shashi/dabba/BBB_Working/BeagleBoneBlack/RaspberryPi-FreeRTOS/build/Demo/startup.o
                0x0000000000008000                _start

.module_entries
                0x00000000000080a4        0x0
                0x00000000000080a4                __module_entries_start = .
 *(.module_entries)
 *(.module_entries.*)
                0x00000000000080a4                __module_entries_end = .
                0x0000000000000000                __module_entries_size = SIZEOF (.module_entries)

.text           0x0000000000010000     0x4348
 *(.text)
 .text          0x0000000000010000      0x338 /home/shashi/dabba/BBB_Working/BeagleBoneBlack/RaspberryPi-FreeRTOS/build/FreeRTOS/Source/portable/GCC/RaspberryPi/port.o
                0x0000000000010000                pxPortInitialiseStack
                0x0000000000010240                xPortStartScheduler
                0x000000000001025c                vPortEndScheduler
                0x0000000000010270                vTickISR
 .text          0x0000000000010338      0x298 /home/shashi/dabba/BBB_Working/BeagleBoneBlack/RaspberryPi-FreeRTOS/build/FreeRTOS/Source/portable/GCC/RaspberryPi/portisr.o
                0x0000000000010338                vPortISRStartFirstTask
                0x00000000000103cc                vPortYieldProcessor
                0x000000000001047c                vFreeRTOS_ISR
                0x0000000000010528                vPortEnterCritical
                0x0000000000010568                vPortExitCritical
 .text          0x00000000000105d0      0x754 /home/shashi/dabba/BBB_Working/BeagleBoneBlack/RaspberryPi-FreeRTOS/build/FreeRTOS/Source/croutine.o
                0x00000000000105d0                xCoRoutineCreate
                0x0000000000010738                vCoRoutineAddToDelayedList
                0x0000000000010acc                vCoRoutineSchedule
                0x0000000000010c98                xCoRoutineRemoveFromEventList
 .text          0x0000000000010d24      0x288 /home/shashi/dabba/BBB_Working/BeagleBoneBlack/RaspberryPi-FreeRTOS/build/FreeRTOS/Source/list.o
                0x0000000000010d24                vListInitialise
                0x0000000000010d88                vListInitialiseItem
                0x0000000000010db0                vListInsertEnd
                0x0000000000010e44                vListInsert
                0x0000000000010f18                vListRemove
 .text          0x0000000000010fac      0xbbc /home/shashi/dabba/BBB_Working/BeagleBoneBlack/RaspberryPi-FreeRTOS/build/FreeRTOS/Source/queue.o
                0x0000000000010fac                xQueueGenericReset
                0x00000000000110c0                xQueueGenericCreate
                0x0000000000011188                xQueueGenericSend
                0x0000000000011334                xQueueGenericSendFromISR
                0x0000000000011410                xQueueGenericReceive
                0x000000000001161c                xQueueReceiveFromISR
                0x00000000000116fc                uxQueueMessagesWaiting
                0x0000000000011730                uxQueueMessagesWaitingFromISR
                0x0000000000011760                vQueueDelete
                0x0000000000011a94                xQueueIsQueueEmptyFromISR
                0x0000000000011b20                xQueueIsQueueFullFromISR
 .text          0x0000000000011b68     0x18d8 /home/shashi/dabba/BBB_Working/BeagleBoneBlack/RaspberryPi-FreeRTOS/build/FreeRTOS/Source/tasks.o
                0x0000000000011b68                xTaskGenericCreate
                0x0000000000011db0                vTaskDelete
                0x0000000000011eac                vTaskDelayUntil
                0x0000000000011fb8                vTaskDelay
                0x0000000000012038                uxTaskPriorityGet
                0x0000000000012090                vTaskPrioritySet
                0x0000000000012234                vTaskSuspend
                0x0000000000012334                xTaskIsTaskSuspended
                0x00000000000123b0                vTaskResume
                0x00000000000124a4                xTaskResumeFromISR
                0x00000000000125c0                vTaskStartScheduler
                0x0000000000012658                vTaskEndScheduler
                0x000000000001268c                vTaskSuspendAll
                0x00000000000126b8                xTaskResumeAll
                0x000000000001285c                xTaskGetTickCount
                0x0000000000012890                xTaskGetTickCountFromISR
                0x00000000000128c8                uxTaskGetNumberOfTasks
                0x00000000000128ec                vTaskIncrementTick
                0x0000000000012b04                vTaskSetApplicationTaskTag
                0x0000000000012b5c                xTaskGetApplicationTaskTag
                0x0000000000012bb8                xTaskCallApplicationTaskHook
                0x0000000000012c34                vTaskSwitchContext
                0x0000000000012d3c                vTaskPlaceOnEventList
                0x0000000000012dd4                xTaskRemoveFromEventList
                0x0000000000012eec                vTaskSetTimeOutState
                0x0000000000012f30                xTaskCheckForTimeOut
                0x0000000000013024                vTaskMissedYield
 .text          0x0000000000013440      0x384 /home/shashi/dabba/BBB_Working/BeagleBoneBlack/RaspberryPi-FreeRTOS/build/Demo/Drivers/irq.o
                0x00000000000134ec                irqHandler
                0x0000000000013588                irqUnblock
                0x00000000000135a0                irqBlock
                0x00000000000135b8                irqRegister
                0x0000000000013618                irqEnable
                0x00000000000136e8                irqDisable
 .text          0x00000000000137c4      0x5b8 /home/shashi/dabba/BBB_Working/BeagleBoneBlack/RaspberryPi-FreeRTOS/build/Demo/Drivers/gpio.o
                0x00000000000137c4                SetGpioFunction
                0x000000000001389c                SetGpioDirection
                0x00000000000138cc                SetGpio
                0x0000000000013980                ReadGpio
                0x00000000000139d0                EnableGpioDetect
                0x0000000000013b78                DisableGpioDetect
                0x0000000000013d28                ClearGpioInterrupt
 .text          0x0000000000013d7c      0x49c /home/shashi/dabba/BBB_Working/BeagleBoneBlack/RaspberryPi-FreeRTOS/build//FreeRTOS/Source/portable/MemMang/heap_4.o
                0x0000000000013d7c                pvPortMalloc
                0x0000000000013f44                vPortFree
                0x0000000000013fbc                xPortGetFreeHeapSize
                0x0000000000013fe0                vPortInitialiseBlocks
 .text          0x0000000000014218       0x18 /home/shashi/dabba/BBB_Working/BeagleBoneBlack/RaspberryPi-FreeRTOS/build/Demo/startup.o
 .text          0x0000000000014230      0x118 /home/shashi/dabba/BBB_Working/BeagleBoneBlack/RaspberryPi-FreeRTOS/build/Demo/main.o
                0x0000000000014230                task1
                0x000000000001426c                task2
                0x00000000000142b0                main
 .text          0x0000000000014348        0x0 /usr/arm-none-eabi/lib/libc.a(lib_a-memcpy.o)
 .text          0x0000000000014348        0x0 /usr/arm-none-eabi/lib/libc.a(lib_a-memset.o)
 .text          0x0000000000014348        0x0 /usr/arm-none-eabi/lib/libc.a(lib_a-strncpy.o)

.rodata         0x0000000000014348       0x2a
 .rodata        0x0000000000014348        0x4 /home/shashi/dabba/BBB_Working/BeagleBoneBlack/RaspberryPi-FreeRTOS/build/FreeRTOS/Source/portable/GCC/RaspberryPi/port.o
 .rodata        0x000000000001434c        0x5 /home/shashi/dabba/BBB_Working/BeagleBoneBlack/RaspberryPi-FreeRTOS/build/FreeRTOS/Source/tasks.o
 *fill*         0x0000000000014351        0x3 
 .rodata        0x0000000000014354        0x4 /home/shashi/dabba/BBB_Working/BeagleBoneBlack/RaspberryPi-FreeRTOS/build/Demo/Drivers/irq.o
 .rodata        0x0000000000014358        0x4 /home/shashi/dabba/BBB_Working/BeagleBoneBlack/RaspberryPi-FreeRTOS/build/Demo/Drivers/gpio.o
                0x0000000000014358                pRegs
 .rodata        0x000000000001435c        0x8 /home/shashi/dabba/BBB_Working/BeagleBoneBlack/RaspberryPi-FreeRTOS/build//FreeRTOS/Source/portable/MemMang/heap_4.o
 .rodata        0x0000000000014364        0xe /home/shashi/dabba/BBB_Working/BeagleBoneBlack/RaspberryPi-FreeRTOS/build/Demo/main.o

.glue_7         0x0000000000014374        0x0
 .glue_7        0x0000000000000000        0x0 linker stubs

.glue_7t        0x0000000000014374        0x0
 .glue_7t       0x0000000000000000        0x0 linker stubs

.vfp11_veneer   0x0000000000014374        0x0
 .vfp11_veneer  0x0000000000000000        0x0 linker stubs

.v4_bx          0x0000000000014374        0x0
 .v4_bx         0x0000000000000000        0x0 linker stubs

.iplt           0x0000000000014374        0x0
 .iplt          0x0000000000000000        0x0 /home/shashi/dabba/BBB_Working/BeagleBoneBlack/RaspberryPi-FreeRTOS/build/FreeRTOS/Source/portable/GCC/RaspberryPi/port.o

.text.memcpy    0x0000000000014374       0xf0
 .text.memcpy   0x0000000000014374       0xf0 /usr/arm-none-eabi/lib/libc.a(lib_a-memcpy.o)
                0x0000000000014374                memcpy

.text.memset    0x0000000000014464       0xf4
 .text.memset   0x0000000000014464       0xf4 /usr/arm-none-eabi/lib/libc.a(lib_a-memset.o)
                0x0000000000014464                memset

.text.strncpy   0x0000000000014558       0xe4
 .text.strncpy  0x0000000000014558       0xe4 /usr/arm-none-eabi/lib/libc.a(lib_a-strncpy.o)
                0x0000000000014558                strncpy

.rel.dyn        0x000000000001463c        0x0
 .rel.iplt      0x0000000000000000        0x0 /home/shashi/dabba/BBB_Working/BeagleBoneBlack/RaspberryPi-FreeRTOS/build/FreeRTOS/Source/portable/GCC/RaspberryPi/port.o

.data           0x000000000001463c        0xc
 *(.data)
 .data          0x000000000001463c        0x0 /home/shashi/dabba/BBB_Working/BeagleBoneBlack/RaspberryPi-FreeRTOS/build/FreeRTOS/Source/portable/GCC/RaspberryPi/port.o
 .data          0x000000000001463c        0x4 /home/shashi/dabba/BBB_Working/BeagleBoneBlack/RaspberryPi-FreeRTOS/build/FreeRTOS/Source/portable/GCC/RaspberryPi/portisr.o
                0x000000000001463c                ulCriticalNesting
 .data          0x0000000000014640        0x0 /home/shashi/dabba/BBB_Working/BeagleBoneBlack/RaspberryPi-FreeRTOS/build/FreeRTOS/Source/croutine.o
 .data          0x0000000000014640        0x0 /home/shashi/dabba/BBB_Working/BeagleBoneBlack/RaspberryPi-FreeRTOS/build/FreeRTOS/Source/list.o
 .data          0x0000000000014640        0x0 /home/shashi/dabba/BBB_Working/BeagleBoneBlack/RaspberryPi-FreeRTOS/build/FreeRTOS/Source/queue.o
 .data          0x0000000000014640        0x4 /home/shashi/dabba/BBB_Working/BeagleBoneBlack/RaspberryPi-FreeRTOS/build/FreeRTOS/Source/tasks.o
 .data          0x0000000000014644        0x0 /home/shashi/dabba/BBB_Working/BeagleBoneBlack/RaspberryPi-FreeRTOS/build/Demo/Drivers/irq.o
 .data          0x0000000000014644        0x0 /home/shashi/dabba/BBB_Working/BeagleBoneBlack/RaspberryPi-FreeRTOS/build/Demo/Drivers/gpio.o
 .data          0x0000000000014644        0x4 /home/shashi/dabba/BBB_Working/BeagleBoneBlack/RaspberryPi-FreeRTOS/build//FreeRTOS/Source/portable/MemMang/heap_4.o
 .data          0x0000000000014648        0x0 /home/shashi/dabba/BBB_Working/BeagleBoneBlack/RaspberryPi-FreeRTOS/build/Demo/startup.o
 .data          0x0000000000014648        0x0 /home/shashi/dabba/BBB_Working/BeagleBoneBlack/RaspberryPi-FreeRTOS/build/Demo/main.o
 .data          0x0000000000014648        0x0 /usr/arm-none-eabi/lib/libc.a(lib_a-memcpy.o)
 .data          0x0000000000014648        0x0 /usr/arm-none-eabi/lib/libc.a(lib_a-memset.o)
 .data          0x0000000000014648        0x0 /usr/arm-none-eabi/lib/libc.a(lib_a-strncpy.o)

.igot.plt       0x0000000000014648        0x0
 .igot.plt      0x0000000000000000        0x0 /home/shashi/dabba/BBB_Working/BeagleBoneBlack/RaspberryPi-FreeRTOS/build/FreeRTOS/Source/portable/GCC/RaspberryPi/port.o

.bss            0x0000000000014648     0x13e0
                0x0000000000014648                __bss_start = .
 *(.bss)
 .bss           0x0000000000014648        0x0 /home/shashi/dabba/BBB_Working/BeagleBoneBlack/RaspberryPi-FreeRTOS/build/FreeRTOS/Source/portable/GCC/RaspberryPi/port.o
 .bss           0x0000000000014648        0x4 /home/shashi/dabba/BBB_Working/BeagleBoneBlack/RaspberryPi-FreeRTOS/build/FreeRTOS/Source/portable/GCC/RaspberryPi/portisr.o
                0x0000000000014648                g_bStarted
 .bss           0x000000000001464c       0x80 /home/shashi/dabba/BBB_Working/BeagleBoneBlack/RaspberryPi-FreeRTOS/build/FreeRTOS/Source/croutine.o
                0x00000000000146b8                pxCurrentCoRoutine
 .bss           0x00000000000146cc        0x0 /home/shashi/dabba/BBB_Working/BeagleBoneBlack/RaspberryPi-FreeRTOS/build/FreeRTOS/Source/list.o
 .bss           0x00000000000146cc        0x0 /home/shashi/dabba/BBB_Working/BeagleBoneBlack/RaspberryPi-FreeRTOS/build/FreeRTOS/Source/queue.o
 .bss           0x00000000000146cc      0x100 /home/shashi/dabba/BBB_Working/BeagleBoneBlack/RaspberryPi-FreeRTOS/build/FreeRTOS/Source/tasks.o
                0x00000000000146cc                pxCurrentTCB
 .bss           0x00000000000147cc      0x24c /home/shashi/dabba/BBB_Working/BeagleBoneBlack/RaspberryPi-FreeRTOS/build/Demo/Drivers/irq.o
 .bss           0x0000000000014a18        0x0 /home/shashi/dabba/BBB_Working/BeagleBoneBlack/RaspberryPi-FreeRTOS/build/Demo/Drivers/gpio.o
 .bss           0x0000000000014a18     0x1010 /home/shashi/dabba/BBB_Working/BeagleBoneBlack/RaspberryPi-FreeRTOS/build//FreeRTOS/Source/portable/MemMang/heap_4.o
                0x0000000000015a24                allocated
 .bss           0x0000000000015a28        0x0 /home/shashi/dabba/BBB_Working/BeagleBoneBlack/RaspberryPi-FreeRTOS/build/Demo/startup.o
 .bss           0x0000000000015a28        0x0 /home/shashi/dabba/BBB_Working/BeagleBoneBlack/RaspberryPi-FreeRTOS/build/Demo/main.o
 .bss           0x0000000000015a28        0x0 /usr/arm-none-eabi/lib/libc.a(lib_a-memcpy.o)
 .bss           0x0000000000015a28        0x0 /usr/arm-none-eabi/lib/libc.a(lib_a-memset.o)
 .bss           0x0000000000015a28        0x0 /usr/arm-none-eabi/lib/libc.a(lib_a-strncpy.o)
 *(.bss.*)
                0x0000000000015a28                __bss_end = .
                0x0000000008010000                _estack = (ORIGIN (RAM) + 0x8000000)
LOAD /usr/lib/gcc/arm-none-eabi/4.9.3/libgcc.a
LOAD /usr/arm-none-eabi/lib/libc.a
OUTPUT(kernel.elf elf32-littlearm)

.debug_info     0x0000000000000000     0x28de
 .debug_info    0x0000000000000000      0x1f5 /home/shashi/dabba/BBB_Working/BeagleBoneBlack/RaspberryPi-FreeRTOS/build/FreeRTOS/Source/portable/GCC/RaspberryPi/port.o
 .debug_info    0x00000000000001f5      0x188 /home/shashi/dabba/BBB_Working/BeagleBoneBlack/RaspberryPi-FreeRTOS/build/FreeRTOS/Source/portable/GCC/RaspberryPi/portisr.o
 .debug_info    0x000000000000037d      0x46a /home/shashi/dabba/BBB_Working/BeagleBoneBlack/RaspberryPi-FreeRTOS/build/FreeRTOS/Source/croutine.o
 .debug_info    0x00000000000007e7      0x27f /home/shashi/dabba/BBB_Working/BeagleBoneBlack/RaspberryPi-FreeRTOS/build/FreeRTOS/Source/list.o
 .debug_info    0x0000000000000a66      0x71c /home/shashi/dabba/BBB_Working/BeagleBoneBlack/RaspberryPi-FreeRTOS/build/FreeRTOS/Source/queue.o
 .debug_info    0x0000000000001182      0xd21 /home/shashi/dabba/BBB_Working/BeagleBoneBlack/RaspberryPi-FreeRTOS/build/FreeRTOS/Source/tasks.o
 .debug_info    0x0000000000001ea3      0x2bb /home/shashi/dabba/BBB_Working/BeagleBoneBlack/RaspberryPi-FreeRTOS/build/Demo/Drivers/irq.o
 .debug_info    0x000000000000215e      0x3f3 /home/shashi/dabba/BBB_Working/BeagleBoneBlack/RaspberryPi-FreeRTOS/build/Demo/Drivers/gpio.o
 .debug_info    0x0000000000002551      0x2c7 /home/shashi/dabba/BBB_Working/BeagleBoneBlack/RaspberryPi-FreeRTOS/build//FreeRTOS/Source/portable/MemMang/heap_4.o
 .debug_info    0x0000000000002818       0xc6 /home/shashi/dabba/BBB_Working/BeagleBoneBlack/RaspberryPi-FreeRTOS/build/Demo/main.o

.debug_abbrev   0x0000000000000000      0xb9f
 .debug_abbrev  0x0000000000000000      0x11f /home/shashi/dabba/BBB_Working/BeagleBoneBlack/RaspberryPi-FreeRTOS/build/FreeRTOS/Source/portable/GCC/RaspberryPi/port.o
 .debug_abbrev  0x000000000000011f       0xbf /home/shashi/dabba/BBB_Working/BeagleBoneBlack/RaspberryPi-FreeRTOS/build/FreeRTOS/Source/portable/GCC/RaspberryPi/portisr.o
 .debug_abbrev  0x00000000000001de      0x185 /home/shashi/dabba/BBB_Working/BeagleBoneBlack/RaspberryPi-FreeRTOS/build/FreeRTOS/Source/croutine.o
 .debug_abbrev  0x0000000000000363       0xba /home/shashi/dabba/BBB_Working/BeagleBoneBlack/RaspberryPi-FreeRTOS/build/FreeRTOS/Source/list.o
 .debug_abbrev  0x000000000000041d      0x132 /home/shashi/dabba/BBB_Working/BeagleBoneBlack/RaspberryPi-FreeRTOS/build/FreeRTOS/Source/queue.o
 .debug_abbrev  0x000000000000054f      0x1da /home/shashi/dabba/BBB_Working/BeagleBoneBlack/RaspberryPi-FreeRTOS/build/FreeRTOS/Source/tasks.o
 .debug_abbrev  0x0000000000000729      0x12f /home/shashi/dabba/BBB_Working/BeagleBoneBlack/RaspberryPi-FreeRTOS/build/Demo/Drivers/irq.o
 .debug_abbrev  0x0000000000000858      0x12f /home/shashi/dabba/BBB_Working/BeagleBoneBlack/RaspberryPi-FreeRTOS/build/Demo/Drivers/gpio.o
 .debug_abbrev  0x0000000000000987      0x199 /home/shashi/dabba/BBB_Working/BeagleBoneBlack/RaspberryPi-FreeRTOS/build//FreeRTOS/Source/portable/MemMang/heap_4.o
 .debug_abbrev  0x0000000000000b20       0x7f /home/shashi/dabba/BBB_Working/BeagleBoneBlack/RaspberryPi-FreeRTOS/build/Demo/main.o

.debug_aranges  0x0000000000000000      0x140
 .debug_aranges
                0x0000000000000000       0x20 /home/shashi/dabba/BBB_Working/BeagleBoneBlack/RaspberryPi-FreeRTOS/build/FreeRTOS/Source/portable/GCC/RaspberryPi/port.o
 .debug_aranges
                0x0000000000000020       0x20 /home/shashi/dabba/BBB_Working/BeagleBoneBlack/RaspberryPi-FreeRTOS/build/FreeRTOS/Source/portable/GCC/RaspberryPi/portisr.o
 .debug_aranges
                0x0000000000000040       0x20 /home/shashi/dabba/BBB_Working/BeagleBoneBlack/RaspberryPi-FreeRTOS/build/FreeRTOS/Source/croutine.o
 .debug_aranges
                0x0000000000000060       0x20 /home/shashi/dabba/BBB_Working/BeagleBoneBlack/RaspberryPi-FreeRTOS/build/FreeRTOS/Source/list.o
 .debug_aranges
                0x0000000000000080       0x20 /home/shashi/dabba/BBB_Working/BeagleBoneBlack/RaspberryPi-FreeRTOS/build/FreeRTOS/Source/queue.o
 .debug_aranges
                0x00000000000000a0       0x20 /home/shashi/dabba/BBB_Working/BeagleBoneBlack/RaspberryPi-FreeRTOS/build/FreeRTOS/Source/tasks.o
 .debug_aranges
                0x00000000000000c0       0x20 /home/shashi/dabba/BBB_Working/BeagleBoneBlack/RaspberryPi-FreeRTOS/build/Demo/Drivers/irq.o
 .debug_aranges
                0x00000000000000e0       0x20 /home/shashi/dabba/BBB_Working/BeagleBoneBlack/RaspberryPi-FreeRTOS/build/Demo/Drivers/gpio.o
 .debug_aranges
                0x0000000000000100       0x20 /home/shashi/dabba/BBB_Working/BeagleBoneBlack/RaspberryPi-FreeRTOS/build//FreeRTOS/Source/portable/MemMang/heap_4.o
 .debug_aranges
                0x0000000000000120       0x20 /home/shashi/dabba/BBB_Working/BeagleBoneBlack/RaspberryPi-FreeRTOS/build/Demo/main.o

.debug_line     0x0000000000000000     0x1188
 .debug_line    0x0000000000000000      0x164 /home/shashi/dabba/BBB_Working/BeagleBoneBlack/RaspberryPi-FreeRTOS/build/FreeRTOS/Source/portable/GCC/RaspberryPi/port.o
 .debug_line    0x0000000000000164       0xd4 /home/shashi/dabba/BBB_Working/BeagleBoneBlack/RaspberryPi-FreeRTOS/build/FreeRTOS/Source/portable/GCC/RaspberryPi/portisr.o
 .debug_line    0x0000000000000238      0x241 /home/shashi/dabba/BBB_Working/BeagleBoneBlack/RaspberryPi-FreeRTOS/build/FreeRTOS/Source/croutine.o
 .debug_line    0x0000000000000479      0x1a5 /home/shashi/dabba/BBB_Working/BeagleBoneBlack/RaspberryPi-FreeRTOS/build/FreeRTOS/Source/list.o
 .debug_line    0x000000000000061e      0x2e6 /home/shashi/dabba/BBB_Working/BeagleBoneBlack/RaspberryPi-FreeRTOS/build/FreeRTOS/Source/queue.o
 .debug_line    0x0000000000000904      0x4e5 /home/shashi/dabba/BBB_Working/BeagleBoneBlack/RaspberryPi-FreeRTOS/build/FreeRTOS/Source/tasks.o
 .debug_line    0x0000000000000de9       0xca /home/shashi/dabba/BBB_Working/BeagleBoneBlack/RaspberryPi-FreeRTOS/build/Demo/Drivers/irq.o
 .debug_line    0x0000000000000eb3       0xe0 /home/shashi/dabba/BBB_Working/BeagleBoneBlack/RaspberryPi-FreeRTOS/build/Demo/Drivers/gpio.o
 .debug_line    0x0000000000000f93      0x13a /home/shashi/dabba/BBB_Working/BeagleBoneBlack/RaspberryPi-FreeRTOS/build//FreeRTOS/Source/portable/MemMang/heap_4.o
 .debug_line    0x00000000000010cd       0xbb /home/shashi/dabba/BBB_Working/BeagleBoneBlack/RaspberryPi-FreeRTOS/build/Demo/main.o

.debug_str      0x0000000000000000     0x17a5
 .debug_str     0x0000000000000000      0x1e5 /home/shashi/dabba/BBB_Working/BeagleBoneBlack/RaspberryPi-FreeRTOS/build/FreeRTOS/Source/portable/GCC/RaspberryPi/port.o
                                        0x22c (size before relaxing)
 .debug_str     0x00000000000001e5       0xff /home/shashi/dabba/BBB_Working/BeagleBoneBlack/RaspberryPi-FreeRTOS/build/FreeRTOS/Source/portable/GCC/RaspberryPi/portisr.o
                                        0x1a3 (size before relaxing)
 .debug_str     0x00000000000002e4      0x382 /home/shashi/dabba/BBB_Working/BeagleBoneBlack/RaspberryPi-FreeRTOS/build/FreeRTOS/Source/croutine.o
                                        0x469 (size before relaxing)
 .debug_str     0x0000000000000666      0x12b /home/shashi/dabba/BBB_Working/BeagleBoneBlack/RaspberryPi-FreeRTOS/build/FreeRTOS/Source/list.o
                                        0x29a (size before relaxing)
 .debug_str     0x0000000000000791      0x362 /home/shashi/dabba/BBB_Working/BeagleBoneBlack/RaspberryPi-FreeRTOS/build/FreeRTOS/Source/queue.o
                                        0x536 (size before relaxing)
 .debug_str     0x0000000000000af3      0x69c /home/shashi/dabba/BBB_Working/BeagleBoneBlack/RaspberryPi-FreeRTOS/build/FreeRTOS/Source/tasks.o
                                        0x95c (size before relaxing)
 .debug_str     0x000000000000118f      0x17b /home/shashi/dabba/BBB_Working/BeagleBoneBlack/RaspberryPi-FreeRTOS/build/Demo/Drivers/irq.o
                                        0x22c (size before relaxing)
 .debug_str     0x000000000000130a      0x250 /home/shashi/dabba/BBB_Working/BeagleBoneBlack/RaspberryPi-FreeRTOS/build/Demo/Drivers/gpio.o
                                        0x304 (size before relaxing)
 .debug_str     0x000000000000155a      0x1ea /home/shashi/dabba/BBB_Working/BeagleBoneBlack/RaspberryPi-FreeRTOS/build//FreeRTOS/Source/portable/MemMang/heap_4.o
                                        0x30a (size before relaxing)
 .debug_str     0x0000000000001744       0x61 /home/shashi/dabba/BBB_Working/BeagleBoneBlack/RaspberryPi-FreeRTOS/build/Demo/main.o
                                        0x134 (size before relaxing)

.comment        0x0000000000000000       0x70
 .comment       0x0000000000000000       0x70 /home/shashi/dabba/BBB_Working/BeagleBoneBlack/RaspberryPi-FreeRTOS/build/FreeRTOS/Source/portable/GCC/RaspberryPi/port.o
                                         0x71 (size before relaxing)
 .comment       0x0000000000000000       0x71 /home/shashi/dabba/BBB_Working/BeagleBoneBlack/RaspberryPi-FreeRTOS/build/FreeRTOS/Source/portable/GCC/RaspberryPi/portisr.o
 .comment       0x0000000000000000       0x71 /home/shashi/dabba/BBB_Working/BeagleBoneBlack/RaspberryPi-FreeRTOS/build/FreeRTOS/Source/croutine.o
 .comment       0x0000000000000000       0x71 /home/shashi/dabba/BBB_Working/BeagleBoneBlack/RaspberryPi-FreeRTOS/build/FreeRTOS/Source/list.o
 .comment       0x0000000000000000       0x71 /home/shashi/dabba/BBB_Working/BeagleBoneBlack/RaspberryPi-FreeRTOS/build/FreeRTOS/Source/queue.o
 .comment       0x0000000000000000       0x71 /home/shashi/dabba/BBB_Working/BeagleBoneBlack/RaspberryPi-FreeRTOS/build/FreeRTOS/Source/tasks.o
 .comment       0x0000000000000000       0x71 /home/shashi/dabba/BBB_Working/BeagleBoneBlack/RaspberryPi-FreeRTOS/build/Demo/Drivers/irq.o
 .comment       0x0000000000000000       0x71 /home/shashi/dabba/BBB_Working/BeagleBoneBlack/RaspberryPi-FreeRTOS/build/Demo/Drivers/gpio.o
 .comment       0x0000000000000000       0x71 /home/shashi/dabba/BBB_Working/BeagleBoneBlack/RaspberryPi-FreeRTOS/build//FreeRTOS/Source/portable/MemMang/heap_4.o
 .comment       0x0000000000000000       0x71 /home/shashi/dabba/BBB_Working/BeagleBoneBlack/RaspberryPi-FreeRTOS/build/Demo/main.o

.ARM.attributes
                0x0000000000000000       0x2c
 .ARM.attributes
                0x0000000000000000       0x2e /home/shashi/dabba/BBB_Working/BeagleBoneBlack/RaspberryPi-FreeRTOS/build/FreeRTOS/Source/portable/GCC/RaspberryPi/port.o
 .ARM.attributes
                0x000000000000002e       0x2e /home/shashi/dabba/BBB_Working/BeagleBoneBlack/RaspberryPi-FreeRTOS/build/FreeRTOS/Source/portable/GCC/RaspberryPi/portisr.o
 .ARM.attributes
                0x000000000000005c       0x2e /home/shashi/dabba/BBB_Working/BeagleBoneBlack/RaspberryPi-FreeRTOS/build/FreeRTOS/Source/croutine.o
 .ARM.attributes
                0x000000000000008a       0x2e /home/shashi/dabba/BBB_Working/BeagleBoneBlack/RaspberryPi-FreeRTOS/build/FreeRTOS/Source/list.o
 .ARM.attributes
                0x00000000000000b8       0x2e /home/shashi/dabba/BBB_Working/BeagleBoneBlack/RaspberryPi-FreeRTOS/build/FreeRTOS/Source/queue.o
 .ARM.attributes
                0x00000000000000e6       0x2e /home/shashi/dabba/BBB_Working/BeagleBoneBlack/RaspberryPi-FreeRTOS/build/FreeRTOS/Source/tasks.o
 .ARM.attributes
                0x0000000000000114       0x2e /home/shashi/dabba/BBB_Working/BeagleBoneBlack/RaspberryPi-FreeRTOS/build/Demo/Drivers/irq.o
 .ARM.attributes
                0x0000000000000142       0x2e /home/shashi/dabba/BBB_Working/BeagleBoneBlack/RaspberryPi-FreeRTOS/build/Demo/Drivers/gpio.o
 .ARM.attributes
                0x0000000000000170       0x2e /home/shashi/dabba/BBB_Working/BeagleBoneBlack/RaspberryPi-FreeRTOS/build//FreeRTOS/Source/portable/MemMang/heap_4.o
 .ARM.attributes
                0x000000000000019e       0x14 /home/shashi/dabba/BBB_Working/BeagleBoneBlack/RaspberryPi-FreeRTOS/build/Demo/startup.o
 .ARM.attributes
                0x00000000000001b2       0x2e /home/shashi/dabba/BBB_Working/BeagleBoneBlack/RaspberryPi-FreeRTOS/build/Demo/main.o
 .ARM.attributes
                0x00000000000001e0       0x30 /usr/arm-none-eabi/lib/libc.a(lib_a-memcpy.o)
 .ARM.attributes
                0x0000000000000210       0x30 /usr/arm-none-eabi/lib/libc.a(lib_a-memset.o)
 .ARM.attributes
                0x0000000000000240       0x30 /usr/arm-none-eabi/lib/libc.a(lib_a-strncpy.o)

.debug_frame    0x0000000000000000      0xcf8
 .debug_frame   0x0000000000000000       0xac /home/shashi/dabba/BBB_Working/BeagleBoneBlack/RaspberryPi-FreeRTOS/build/FreeRTOS/Source/portable/GCC/RaspberryPi/port.o
 .debug_frame   0x00000000000000ac       0x90 /home/shashi/dabba/BBB_Working/BeagleBoneBlack/RaspberryPi-FreeRTOS/build/FreeRTOS/Source/portable/GCC/RaspberryPi/portisr.o
 .debug_frame   0x000000000000013c       0xf0 /home/shashi/dabba/BBB_Working/BeagleBoneBlack/RaspberryPi-FreeRTOS/build/FreeRTOS/Source/croutine.o
 .debug_frame   0x000000000000022c       0xb0 /home/shashi/dabba/BBB_Working/BeagleBoneBlack/RaspberryPi-FreeRTOS/build/FreeRTOS/Source/list.o
 .debug_frame   0x00000000000002dc      0x214 /home/shashi/dabba/BBB_Working/BeagleBoneBlack/RaspberryPi-FreeRTOS/build/FreeRTOS/Source/queue.o
 .debug_frame   0x00000000000004f0      0x450 /home/shashi/dabba/BBB_Working/BeagleBoneBlack/RaspberryPi-FreeRTOS/build/FreeRTOS/Source/tasks.o
 .debug_frame   0x0000000000000940       0xf0 /home/shashi/dabba/BBB_Working/BeagleBoneBlack/RaspberryPi-FreeRTOS/build/Demo/Drivers/irq.o
 .debug_frame   0x0000000000000a30       0xf0 /home/shashi/dabba/BBB_Working/BeagleBoneBlack/RaspberryPi-FreeRTOS/build/Demo/Drivers/gpio.o
 .debug_frame   0x0000000000000b20       0xd0 /home/shashi/dabba/BBB_Working/BeagleBoneBlack/RaspberryPi-FreeRTOS/build//FreeRTOS/Source/portable/MemMang/heap_4.o
 .debug_frame   0x0000000000000bf0       0x64 /home/shashi/dabba/BBB_Working/BeagleBoneBlack/RaspberryPi-FreeRTOS/build/Demo/main.o
 .debug_frame   0x0000000000000c54       0x38 /usr/arm-none-eabi/lib/libc.a(lib_a-memcpy.o)
 .debug_frame   0x0000000000000c8c       0x30 /usr/arm-none-eabi/lib/libc.a(lib_a-memset.o)
 .debug_frame   0x0000000000000cbc       0x3c /usr/arm-none-eabi/lib/libc.a(lib_a-strncpy.o)
